
*** src/bin/canopywt.rs:269:5: replace short -> String with String::new()

*** mutation diff:
--- src/bin/canopywt.rs
+++ replace short -> String with String::new()
@@ -261,16 +261,16 @@
 }
 
 fn emit<T: serde::Serialize>(command: &str, data: &T) {
     let envelope = Envelope::ok(command, data, Vec::new());
     println!("{}", serde_json::to_string(&envelope).expect("envelope is serializable"));
 }
 
 fn short(head: Option<&str>) -> String {
-    head.unwrap_or("unknown").chars().take(8).collect()
+    String::new() /* ~ changed by cargo-mutants ~ */
 }
 
 /// The process cwd as UTF-8. A non-UTF-8 cwd is rejected here rather than corrupted later.
 fn current_dir() -> Result<Utf8PathBuf> {
     let dir = std::env::current_dir()?;
     Utf8PathBuf::from_path_buf(dir).map_err(|p| Error::NonUtf8Path(p.to_string_lossy().into_owned()))
 }


*** /opt/homebrew/bin/cargo test --no-run --verbose --package=canopy-worktree@0.1.0
    Blocking waiting for file lock on package cache
    Updating crates.io index
warning: failed to write cache, path: /Users/gpanthee/.cargo/registry/index/index.crates.io-1949cf8c6b5b557f/.cache/ca/mi/camino, error: Permission denied (os error 13)
    Blocking waiting for file lock on package cache
    Blocking waiting for file lock on package cache
       Fresh memchr v2.8.3
       Fresh unicode-ident v1.0.24
       Fresh proc-macro2 v1.0.107
       Fresh quote v1.0.47
       Fresh cfg-if v1.0.4
       Fresh syn v3.0.5
       Fresh aho-corasick v1.1.5
       Fresh regex-syntax v0.8.11
       Fresh anstyle v1.0.14
       Fresh autocfg v1.5.1
       Fresh libc v0.2.189
       Fresh serde_core v1.0.229
       Fresh rustversion v1.0.23
       Fresh num-traits v0.2.19
       Fresh utf8parse v0.2.2
       Fresh anstyle-parse v1.0.0
       Fresh syn v2.0.119
       Fresh equivalent v1.0.2
       Fresh is_terminal_polyfill v1.70.2
       Fresh simdutf8 v0.1.5
       Fresh winnow v1.0.4
       Fresh scopeguard v1.2.0
       Fresh hashbrown v0.17.1
       Fresh semver v1.0.28
       Fresh multiversion_no_op v1.0.0
       Fresh ucd-trie v0.1.7
       Fresh colorchoice v1.0.5
       Fresh anstyle-query v1.1.5
       Fresh anstream v1.0.0
       Fresh pest v2.9.1
       Fresh encoding_rs v0.8.41
       Fresh rustc_version v0.4.1
       Fresh indexmap v2.14.2
       Fresh toml_parser v1.1.3+spec-1.1.0
       Fresh zmij v1.0.23
       Fresh serde_derive v1.0.229
       Fresh smallvec v1.16.1
       Fresh heck v0.5.0
       Fresh clap_lex v1.1.0
       Fresh arraydeque v0.5.1
       Fresh strsim v0.11.1
       Fresh unicode-width v0.2.2
       Fresh toml_datetime v1.1.1+spec-1.1.0
       Fresh toml_edit v0.25.15+spec-1.1.0
       Fresh annotate-snippets v0.12.16
       Fresh clap_builder v4.6.6
       Fresh granit-parser v1.2.1
       Fresh clap_derive v4.6.4
       Fresh serde v1.0.229
       Fresh encoding_rs_io v0.1.8
       Fresh pest_meta v2.9.1
       Fresh errno v0.3.14
       Fresh regex-automata v0.4.18
       Fresh thiserror-impl v2.0.20
       Fresh base64 v0.23.1
       Fresh bitflags v2.13.2
       Fresh itoa v1.0.18
       Fresh predicates-core v1.0.10
       Fresh nohash-hasher v0.2.0
       Fresh getrandom v0.4.3
       Fresh clap v4.6.6
       Fresh serde-saphyr v1.2.0
       Fresh serde_json v1.0.151
       Fresh thiserror v2.0.20
       Fresh rustix v1.1.4
       Fresh pest_generator v2.9.1
       Fresh camino v1.2.5
       Fresh proc-macro-crate v3.5.0
       Fresh regex v1.13.1
       Fresh float-cmp v0.10.0
       Fresh serde_ignored v0.1.14
       Fresh termtree v0.5.1
       Fresh glob v0.3.4
       Fresh pin-project-lite v0.2.17
       Fresh normalize-line-endings v0.3.0
       Fresh difflib v0.4.0
       Fresh relative-path v1.9.3
       Fresh fastrand v2.5.0
       Fresh futures-core v0.3.34
       Fresh futures-task v0.3.34
       Fresh once_cell v1.21.4
       Fresh predicates-tree v1.0.13
       Fresh predicates v3.1.4
       Fresh rstest_macros v0.27.0
       Fresh pest_derive v2.9.1
       Fresh bstr v1.13.1
       Fresh wait-timeout v0.2.1
       Fresh tempfile v3.27.0
       Fresh futures-util v0.3.34
       Fresh console v0.16.6
       Fresh similar v2.7.0
       Fresh futures-timer v3.0.4
       Fresh assert_cmd v2.2.2
       Fresh insta v1.48.0
       Fresh rstest v0.27.0
       Dirty canopy-worktree v0.1.0 (/private/var/folders/2g/t5qflcz11532k_5fzmb4jw8m0000gn/T/cargo-mutants-canopy-worktree-IUlwsh.tmp): the file `src/bin/canopywt.rs` has changed (1789357306.943588290s, 4s after last build at 1789357302.038897928s)
   Compiling canopy-worktree v0.1.0 (/private/var/folders/2g/t5qflcz11532k_5fzmb4jw8m0000gn/T/cargo-mutants-canopy-worktree-IUlwsh.tmp)
     Running `rustc --crate-name canopywt --edition=2024 src/bin/canopywt.rs --error-format=json --json=diagnostic-rendered-ansi,artifacts,future-incompat --emit=dep-info,link -C embed-bitcode=no -C debuginfo=2 -C split-debuginfo=unpacked --test --check-cfg 'cfg(docsrs,test)' --check-cfg 'cfg(feature, values())' -C metadata=d051ba9393f893e8 -C extra-filename=-81f2cbc3bec3f7af --out-dir /private/var/folders/2g/t5qflcz11532k_5fzmb4jw8m0000gn/T/cargo-mutants-canopy-worktree-IUlwsh.tmp/target/debug/deps -C incremental=/private/var/folders/2g/t5qflcz11532k_5fzmb4jw8m0000gn/T/cargo-mutants-canopy-worktree-IUlwsh.tmp/target/debug/incremental -L dependency=/private/var/folders/2g/t5qflcz11532k_5fzmb4jw8m0000gn/T/cargo-mutants-canopy-worktree-IUlwsh.tmp/target/debug/deps --extern assert_cmd=/private/var/folders/2g/t5qflcz11532k_5fzmb4jw8m0000gn/T/cargo-mutants-canopy-worktree-IUlwsh.tmp/target/debug/deps/libassert_cmd-a28e8bd52a0bea24.rlib --extern camino=/private/var/folders/2g/t5qflcz11532k_5fzmb4jw8m0000gn/T/cargo-mutants-canopy-worktree-IUlwsh.tmp/target/debug/deps/libcamino-5cfb2976e7b0b13b.rlib --extern canopy_worktree=/private/var/folders/2g/t5qflcz11532k_5fzmb4jw8m0000gn/T/cargo-mutants-canopy-worktree-IUlwsh.tmp/target/debug/deps/libcanopy_worktree-dc32b6b89029ce3e.rlib --extern clap=/private/var/folders/2g/t5qflcz11532k_5fzmb4jw8m0000gn/T/cargo-mutants-canopy-worktree-IUlwsh.tmp/target/debug/deps/libclap-ad6c9c390fee4aa5.rlib --extern insta=/private/var/folders/2g/t5qflcz11532k_5fzmb4jw8m0000gn/T/cargo-mutants-canopy-worktree-IUlwsh.tmp/target/debug/deps/libinsta-bd788f1730370a14.rlib --extern predicates=/private/var/folders/2g/t5qflcz11532k_5fzmb4jw8m0000gn/T/cargo-mutants-canopy-worktree-IUlwsh.tmp/target/debug/deps/libpredicates-73040a56e3398e1f.rlib --extern rstest=/private/var/folders/2g/t5qflcz11532k_5fzmb4jw8m0000gn/T/cargo-mutants-canopy-worktree-IUlwsh.tmp/target/debug/deps/librstest-5f7c2e5beb07fa05.rlib --extern serde=/private/var/folders/2g/t5qflcz11532k_5fzmb4jw8m0000gn/T/cargo-mutants-canopy-worktree-IUlwsh.tmp/target/debug/deps/libserde-c99fdb4b88f25463.rlib --extern serde_saphyr=/private/var/folders/2g/t5qflcz11532k_5fzmb4jw8m0000gn/T/cargo-mutants-canopy-worktree-IUlwsh.tmp/target/debug/deps/libserde_saphyr-d8c0c0ee685ddc87.rlib --extern serde_ignored=/private/var/folders/2g/t5qflcz11532k_5fzmb4jw8m0000gn/T/cargo-mutants-canopy-worktree-IUlwsh.tmp/target/debug/deps/libserde_ignored-a029dc386c0be727.rlib --extern serde_json=/private/var/folders/2g/t5qflcz11532k_5fzmb4jw8m0000gn/T/cargo-mutants-canopy-worktree-IUlwsh.tmp/target/debug/deps/libserde_json-e8252af2ecf7ccfb.rlib --extern tempfile=/private/var/folders/2g/t5qflcz11532k_5fzmb4jw8m0000gn/T/cargo-mutants-canopy-worktree-IUlwsh.tmp/target/debug/deps/libtempfile-a34fb88d0fe720a7.rlib --extern thiserror=/private/var/folders/2g/t5qflcz11532k_5fzmb4jw8m0000gn/T/cargo-mutants-canopy-worktree-IUlwsh.tmp/target/debug/deps/libthiserror-f7987e97a20b040b.rlib`
     Running `rustc --crate-name canopywt --edition=2024 src/bin/canopywt.rs --error-format=json --json=diagnostic-rendered-ansi,artifacts,future-incompat --crate-type bin --emit=dep-info,link -C embed-bitcode=no -C debuginfo=2 -C split-debuginfo=unpacked --check-cfg 'cfg(docsrs,test)' --check-cfg 'cfg(feature, values())' -C metadata=46dd56b05b69b0c2 -C extra-filename=-59465db317df3984 --out-dir /private/var/folders/2g/t5qflcz11532k_5fzmb4jw8m0000gn/T/cargo-mutants-canopy-worktree-IUlwsh.tmp/target/debug/deps -C incremental=/private/var/folders/2g/t5qflcz11532k_5fzmb4jw8m0000gn/T/cargo-mutants-canopy-worktree-IUlwsh.tmp/target/debug/incremental -L dependency=/private/var/folders/2g/t5qflcz11532k_5fzmb4jw8m0000gn/T/cargo-mutants-canopy-worktree-IUlwsh.tmp/target/debug/deps --extern camino=/private/var/folders/2g/t5qflcz11532k_5fzmb4jw8m0000gn/T/cargo-mutants-canopy-worktree-IUlwsh.tmp/target/debug/deps/libcamino-5cfb2976e7b0b13b.rlib --extern canopy_worktree=/private/var/folders/2g/t5qflcz11532k_5fzmb4jw8m0000gn/T/cargo-mutants-canopy-worktree-IUlwsh.tmp/target/debug/deps/libcanopy_worktree-dc32b6b89029ce3e.rlib --extern clap=/private/var/folders/2g/t5qflcz11532k_5fzmb4jw8m0000gn/T/cargo-mutants-canopy-worktree-IUlwsh.tmp/target/debug/deps/libclap-ad6c9c390fee4aa5.rlib --extern serde=/private/var/folders/2g/t5qflcz11532k_5fzmb4jw8m0000gn/T/cargo-mutants-canopy-worktree-IUlwsh.tmp/target/debug/deps/libserde-c99fdb4b88f25463.rlib --extern serde_saphyr=/private/var/folders/2g/t5qflcz11532k_5fzmb4jw8m0000gn/T/cargo-mutants-canopy-worktree-IUlwsh.tmp/target/debug/deps/libserde_saphyr-d8c0c0ee685ddc87.rlib --extern serde_ignored=/private/var/folders/2g/t5qflcz11532k_5fzmb4jw8m0000gn/T/cargo-mutants-canopy-worktree-IUlwsh.tmp/target/debug/deps/libserde_ignored-a029dc386c0be727.rlib --extern serde_json=/private/var/folders/2g/t5qflcz11532k_5fzmb4jw8m0000gn/T/cargo-mutants-canopy-worktree-IUlwsh.tmp/target/debug/deps/libserde_json-e8252af2ecf7ccfb.rlib --extern thiserror=/private/var/folders/2g/t5qflcz11532k_5fzmb4jw8m0000gn/T/cargo-mutants-canopy-worktree-IUlwsh.tmp/target/debug/deps/libthiserror-f7987e97a20b040b.rlib`
warning: unused variable: `head`
   --> src/bin/canopywt.rs:268:10
    |
268 | fn short(head: Option<&str>) -> String {
    |          ^^^^ help: if this is intentional, prefix it with an underscore: `_head`
    |
    = note: `#[warn(unused_variables)]` (part of `#[warn(unused)]`) on by default

warning: `canopy-worktree` (bin "canopywt" test) generated 1 warning (run `cargo fix --bin "canopywt" -p canopy-worktree --tests` to apply 1 suggestion)
warning: `canopy-worktree` (bin "canopywt") generated 1 warning (1 duplicate)
    Finished `test` profile [unoptimized + debuginfo] target(s) in 1.81s
  Executable `/private/var/folders/2g/t5qflcz11532k_5fzmb4jw8m0000gn/T/cargo-mutants-canopy-worktree-IUlwsh.tmp/target/debug/deps/canopy_worktree-f90868a615258b92`
  Executable `/private/var/folders/2g/t5qflcz11532k_5fzmb4jw8m0000gn/T/cargo-mutants-canopy-worktree-IUlwsh.tmp/target/debug/deps/canopywt-81f2cbc3bec3f7af`
  Executable `/private/var/folders/2g/t5qflcz11532k_5fzmb4jw8m0000gn/T/cargo-mutants-canopy-worktree-IUlwsh.tmp/target/debug/deps/config-9cfe5d7da245b318`
  Executable `/private/var/folders/2g/t5qflcz11532k_5fzmb4jw8m0000gn/T/cargo-mutants-canopy-worktree-IUlwsh.tmp/target/debug/deps/config_cli-4df13251417d2b54`
  Executable `/private/var/folders/2g/t5qflcz11532k_5fzmb4jw8m0000gn/T/cargo-mutants-canopy-worktree-IUlwsh.tmp/target/debug/deps/contract-f36c7e09e23e7da0`
  Executable `/private/var/folders/2g/t5qflcz11532k_5fzmb4jw8m0000gn/T/cargo-mutants-canopy-worktree-IUlwsh.tmp/target/debug/deps/discovery-abcb2e234309ef05`
  Executable `/private/var/folders/2g/t5qflcz11532k_5fzmb4jw8m0000gn/T/cargo-mutants-canopy-worktree-IUlwsh.tmp/target/debug/deps/docs-6e150dc717c85b18`

*** result: Success

*** /opt/homebrew/bin/cargo test --verbose --package=canopy-worktree@0.1.0
    Blocking waiting for file lock on package cache
    Updating crates.io index
warning: failed to write cache, path: /Users/gpanthee/.cargo/registry/index/index.crates.io-1949cf8c6b5b557f/.cache/ca/mi/camino, error: Permission denied (os error 13)
    Blocking waiting for file lock on package cache
    Blocking waiting for file lock on package cache
    Blocking waiting for file lock on package cache
       Fresh memchr v2.8.3
       Fresh unicode-ident v1.0.24
       Fresh proc-macro2 v1.0.107
       Fresh quote v1.0.47
       Fresh cfg-if v1.0.4
       Fresh syn v3.0.5
       Fresh aho-corasick v1.1.5
       Fresh autocfg v1.5.1
       Fresh regex-syntax v0.8.11
       Fresh anstyle v1.0.14
       Fresh libc v0.2.189
       Fresh serde_core v1.0.229
       Fresh rustversion v1.0.23
       Fresh num-traits v0.2.19
       Fresh utf8parse v0.2.2
       Fresh anstyle-parse v1.0.0
       Fresh syn v2.0.119
       Fresh semver v1.0.28
       Fresh scopeguard v1.2.0
       Fresh multiversion_no_op v1.0.0
       Fresh hashbrown v0.17.1
       Fresh is_terminal_polyfill v1.70.2
       Fresh colorchoice v1.0.5
       Fresh anstyle-query v1.1.5
       Fresh winnow v1.0.4
       Fresh ucd-trie v0.1.7
       Fresh simdutf8 v0.1.5
       Fresh equivalent v1.0.2
       Fresh indexmap v2.14.2
       Fresh encoding_rs v0.8.41
       Fresh pest v2.9.1
       Fresh toml_parser v1.1.3+spec-1.1.0
       Fresh anstream v1.0.0
       Fresh rustc_version v0.4.1
       Fresh zmij v1.0.23
       Fresh serde_derive v1.0.229
       Fresh arraydeque v0.5.1
       Fresh toml_datetime v1.1.1+spec-1.1.0
       Fresh clap_lex v1.1.0
       Fresh smallvec v1.16.1
       Fresh unicode-width v0.2.2
       Fresh heck v0.5.0
       Fresh strsim v0.11.1
       Fresh clap_builder v4.6.6
       Fresh clap_derive v4.6.4
       Fresh annotate-snippets v0.12.16
       Fresh granit-parser v1.2.1
       Fresh toml_edit v0.25.15+spec-1.1.0
       Fresh serde v1.0.229
       Fresh pest_meta v2.9.1
       Fresh encoding_rs_io v0.1.8
       Fresh errno v0.3.14
       Fresh regex-automata v0.4.18
       Fresh thiserror-impl v2.0.20
       Fresh nohash-hasher v0.2.0
       Fresh itoa v1.0.18
       Fresh base64 v0.23.1
       Fresh bitflags v2.13.2
       Fresh predicates-core v1.0.10
       Fresh rustix v1.1.4
       Fresh serde-saphyr v1.2.0
       Fresh serde_json v1.0.151
       Fresh thiserror v2.0.20
       Fresh pest_generator v2.9.1
       Fresh getrandom v0.4.3
       Fresh camino v1.2.5
       Fresh proc-macro-crate v3.5.0
       Fresh clap v4.6.6
       Fresh regex v1.13.1
       Fresh float-cmp v0.10.0
       Fresh serde_ignored v0.1.14
       Fresh difflib v0.4.0
       Fresh pin-project-lite v0.2.17
       Fresh fastrand v2.5.0
       Fresh futures-core v0.3.34
       Fresh once_cell v1.21.4
       Fresh futures-task v0.3.34
       Fresh normalize-line-endings v0.3.0
       Fresh termtree v0.5.1
       Fresh relative-path v1.9.3
       Fresh glob v0.3.4
       Fresh futures-util v0.3.34
       Fresh tempfile v3.27.0
       Fresh pest_derive v2.9.1
       Fresh bstr v1.13.1
       Fresh console v0.16.6
       Fresh wait-timeout v0.2.1
       Fresh predicates-tree v1.0.13
       Fresh predicates v3.1.4
       Fresh rstest_macros v0.27.0
       Fresh similar v2.7.0
       Fresh futures-timer v3.0.4
       Fresh rstest v0.27.0
       Fresh assert_cmd v2.2.2
       Fresh insta v1.48.0
warning: unused variable: `head`
   --> src/bin/canopywt.rs:268:10
    |
268 | fn short(head: Option<&str>) -> String {
    |          ^^^^ help: if this is intentional, prefix it with an underscore: `_head`
    |
    = note: `#[warn(unused_variables)]` (part of `#[warn(unused)]`) on by default

warning: `canopy-worktree` (bin "canopywt") generated 1 warning (run `cargo fix --bin "canopywt" -p canopy-worktree` to apply 1 suggestion)
       Fresh canopy-worktree v0.1.0 (/private/var/folders/2g/t5qflcz11532k_5fzmb4jw8m0000gn/T/cargo-mutants-canopy-worktree-IUlwsh.tmp)
warning: `canopy-worktree` (bin "canopywt" test) generated 1 warning (1 duplicate)
    Finished `test` profile [unoptimized + debuginfo] target(s) in 1.70s
     Running `/private/var/folders/2g/t5qflcz11532k_5fzmb4jw8m0000gn/T/cargo-mutants-canopy-worktree-IUlwsh.tmp/target/debug/deps/canopy_worktree-f90868a615258b92`

running 46 tests
test config::duration::tests::an_absurd_value_errors_instead_of_wrapping ... ok
test config::duration::tests::display_round_trips::case_1 ... ok
test config::duration::tests::parses_the_three_units::case_3 ... ok
test config::duration::tests::display_picks_the_shortest_spelling ... ok
test config::duration::tests::parses_the_three_units::case_4 ... ok
test config::duration::tests::parses_the_three_units::case_5 ... ok
test config::duration::tests::display_round_trips::case_2 ... ok
test config::duration::tests::parses_the_three_units::case_6 ... ok
test config::duration::tests::rejects_everything_else::case_01 ... ok
test config::duration::tests::display_round_trips::case_3 ... ok
test config::duration::tests::rejects_everything_else::case_02 ... ok
test config::duration::tests::display_round_trips::case_4 ... ok
test config::duration::tests::display_round_trips::case_5 ... ok
test config::duration::tests::parses_the_three_units::case_2 ... ok
test config::duration::tests::parses_the_three_units::case_1 ... ok
test config::duration::tests::rejects_everything_else::case_03 ... ok
test config::duration::tests::rejects_everything_else::case_04 ... ok
test config::duration::tests::rejects_everything_else::case_06 ... ok
test config::duration::tests::rejects_everything_else::case_07 ... ok
test config::duration::tests::rejects_everything_else::case_05 ... ok
test config::duration::tests::rejects_everything_else::case_09 ... ok
test config::duration::tests::rejects_everything_else::case_08 ... ok
test config::duration::tests::rejects_everything_else::case_10 ... ok
test config::duration::tests::rejects_everything_else::case_11 ... ok
test config::load::tests::an_empty_variable_counts_as_unset ... ok
test config::load::tests::no_home_and_no_xdg_means_no_user_config ... ok
test config::load::tests::user_config_dir_falls_back_to_home ... ok
test config::load::tests::user_config_dir_prefers_xdg ... ok
test config::load::tests::the_starter_file_is_valid_and_clean ... ok
test git::tests::a_missing_git_is_an_io_error_not_a_git_failure ... ok
test config::load::tests::the_starter_declares_a_service_and_a_port_that_match ... ok
test repo::tests::a_non_utf8_path_is_an_error_not_a_corrupted_string ... ok
test repo::tests::a_record_with_no_trailing_separator_is_still_returned ... ok
test repo::tests::a_path_with_a_space_survives ... ok
test git::tests::succeeds_is_false_when_the_binary_cannot_be_spawned ... ok
test repo::tests::bare_has_neither_head_nor_branch ... ok
test repo::tests::parses_several_worktrees_in_order ... ok
test repo::tests::unknown_attributes_are_ignored_not_fatal ... ok
test repo::tests::detached_has_no_branch ... ok
test repo::tests::empty_input_is_an_empty_list ... ok
test repo::tests::locked_and_prunable_carry_their_reason ... ok
test repo::tests::locked_without_a_reason_is_still_locked ... ok
test repo::tests::trailing_nuls_do_not_produce_a_phantom_entry ... ok
test repo::tests::parses_a_single_worktree_on_a_branch ... ok
test git::tests::a_failing_git_becomes_an_error_carrying_its_stderr ... ok
test git::tests::succeeds_reports_the_exit_status_as_the_answer ... ok

test result: ok. 46 passed; 0 failed; 0 ignored; 0 measured; 0 filtered out; finished in 0.02s

     Running `/private/var/folders/2g/t5qflcz11532k_5fzmb4jw8m0000gn/T/cargo-mutants-canopy-worktree-IUlwsh.tmp/target/debug/deps/canopywt-81f2cbc3bec3f7af`

running 0 tests

test result: ok. 0 passed; 0 failed; 0 ignored; 0 measured; 0 filtered out; finished in 0.00s

     Running `/private/var/folders/2g/t5qflcz11532k_5fzmb4jw8m0000gn/T/cargo-mutants-canopy-worktree-IUlwsh.tmp/target/debug/deps/config-9cfe5d7da245b318`

running 53 tests
test a_bad_resource_name_is_an_error ... ok
test a_bare_env_port_reference_allows_the_full_name_alphabet ... ok
test a_bad_duration_is_an_error ... ok
test a_declared_database_may_be_referenced_without_error ... ok
test a_bare_env_port_reference_counts_but_an_embedded_one_does_not ... ok
test a_good_resource_name_may_contain_digits_underscores_and_dashes ... ok
test a_dependency_cycle_is_an_error_that_names_the_cycle ... ok
test a_misspelled_nested_key_is_caught_by_path ... ok
test a_localhost_health_url_warns_about_the_ipv6_trap ... ok
test a_database_may_have_exactly_one_seed_source ... ok
test a_padded_bare_reference_still_counts ... ok
test a_reference_name_may_contain_digits_underscores_and_dashes ... ok
test a_reference_needs_both_a_scope_and_a_name ... ok
test a_service_depending_on_itself_is_an_error ... ok
test a_service_with_nothing_to_run_is_an_error ... ok
test a_syntax_error_reports_a_position ... ok
test an_empty_file_says_how_to_start ... ok
test an_unknown_template_scope_is_a_warning ... ok
test an_unsupported_version_stops_before_the_noise ... ok
test an_unreferenced_port_is_a_warning ... ok
test an_uppercase_env_reference_is_not_a_port_declaration ... ok
test an_unknown_key_is_a_warning_not_an_error ... ok
test an_uppercase_reference_is_not_a_reference ... ok
test counts_match_the_diagnostics_actually_produced ... ok
test diagnostics_carry_a_severity_that_serializes_lowercase ... ok
test defaults_match_the_daemons ... ok
test databases_warn_that_they_are_not_supported_yet ... ok
test depends_on_an_unknown_service_is_an_error ... ok
test docker_and_compose_defaults_are_filled_in ... ok
test env_file_accepts_a_path_or_false ... ok
test docker_runtime_needs_an_image_or_dockerfile ... ok
test env_file_true_is_an_error_because_it_means_nothing ... ok
test explicit_ports_override_inference ... ok
test either_an_image_or_a_dockerfile_satisfies_the_docker_runtime ... ok
test health_check_defaults ... ok
test no_services_is_a_warning ... ok
test health_needs_exactly_one_probe ... ok
test parses_the_canopy_dogfood_config ... ok
test run_is_ignored_for_a_compose_service ... ok
test service_ports_are_inferred_from_the_run_command ... ok
test severity_is_comparable_for_callers ... ok
test setup_accepts_a_bare_string_or_an_object ... ok
test shell_expansions_are_not_template_refs ... ok
test start_order_is_topological ... ok
test template_refs_reads_all_three_shapes ... ok
test tabs_are_warned_about_by_name ... ok
test unknown_declared_port_is_an_error ... ok
test unknown_port_reference_is_an_error ... ok
test worktree_defaults_to_a_sibling_path ... ok
test the_dogfood_config_has_no_warnings_either ... ok
test unknown_database_reference_is_an_error ... ok
test the_dogfood_config_starts_the_daemon_before_the_web_client ... ok
test tcp_health_accepts_a_number_or_a_template ... ok

test result: ok. 53 passed; 0 failed; 0 ignored; 0 measured; 0 filtered out; finished in 0.01s

     Running `/private/var/folders/2g/t5qflcz11532k_5fzmb4jw8m0000gn/T/cargo-mutants-canopy-worktree-IUlwsh.tmp/target/debug/deps/config_cli-4df13251417d2b54`

running 18 tests
test check_reads_stdin_without_touching_disk ... ok
test an_invalid_config_is_a_verdict_that_still_carries_its_diagnostics ... ok
test a_syntax_error_is_reported_with_a_line_and_column ... ok
test a_committed_config_beats_the_user_level_one ... ok
test canopy_yml_is_accepted_too ... ok
test a_worktree_without_its_own_config_falls_back_to_the_main_checkout ... ok
test check_on_an_invalid_config_prints_exactly_one_envelope ... ok
test a_worktrees_own_config_wins_over_the_main_checkouts ... ok
test a_user_level_config_is_found_when_the_repo_has_none ... ok
test check_passes_a_good_config ... ok
test config_path_reports_the_file_and_where_it_came_from ... ok
test init_never_writes_anything ... ok
test init_works_outside_a_repository ... ok
test human_check_output_is_editor_jump_to_line_friendly ... ok
test init_prints_a_starter_that_passes_check ... ok
test no_config_anywhere_says_where_it_looked ... ok
test show_refuses_an_invalid_config_rather_than_returning_half_of_it ... ok
test show_fills_in_every_default ... ok

test result: ok. 18 passed; 0 failed; 0 ignored; 0 measured; 0 filtered out; finished in 1.61s

     Running `/private/var/folders/2g/t5qflcz11532k_5fzmb4jw8m0000gn/T/cargo-mutants-canopy-worktree-IUlwsh.tmp/target/debug/deps/contract-f36c7e09e23e7da0`

running 10 tests
test error_code_count_is_pinned ... ok
test error_codes_are_unique_and_wire_stable ... ok
test only_lock_contention_is_retryable ... ok
test an_invalid_config_error_says_how_many ... ok
test human_list_output_labels_a_bare_repo ... ok
test a_git_failure_carries_gits_own_stderr ... ok
test human_config_path_output_names_the_source_in_words ... ok
test human_list_output_shortens_a_detached_head ... FAILED
test json_output_is_exactly_one_line_so_it_streams ... ok
test every_command_emits_a_v1_envelope ... ok

failures:

---- human_list_output_shortens_a_detached_head stdout ----

thread 'human_list_output_shortens_a_detached_head' (2901993) panicked at tests/contract.rs:113:5:
got: main                     /private/var/folders/2g/t5qflcz11532k_5fzmb4jw8m0000gn/T/.tmpD3F0by/repo
(detached )              /private/var/folders/2g/t5qflcz11532k_5fzmb4jw8m0000gn/T/.tmpD3F0by/loose

note: run with `RUST_BACKTRACE=1` environment variable to display a backtrace


failures:
    human_list_output_shortens_a_detached_head

test result: FAILED. 9 passed; 1 failed; 0 ignored; 0 measured; 0 filtered out; finished in 1.84s

error: test failed, to rerun pass `-p canopy-worktree --test contract`

*** result: Failure(101)
