
*** src/config/lint.rs:249:5: replace lint -> Vec<Diagnostic> with vec![Default::default()]

*** mutation diff:
--- src/config/lint.rs
+++ replace lint -> Vec<Diagnostic> with vec![Default::default()]
@@ -241,156 +241,17 @@
     for name in names {
         visit(name, services, &selected, &mut state, &mut order, &mut Vec::new())?;
     }
     Ok(order)
 }
 
 /// Every semantic rule, in the order a reader would want them.
 pub fn lint(config: &CanopyConfig) -> Vec<Diagnostic> {
-    let mut out = Vec::new();
-
-    if config.version != 1 {
-        out.push(Diagnostic::error(
-            "version",
-            format!("unsupported version {} — this tool understands version 1", config.version),
-        ));
-        // Every other rule assumes the v1 shape; reporting them too would be noise.
-        return out;
-    }
-
-    let port_names: BTreeSet<&String> = config.ports.keys().collect();
-    let db_names: BTreeSet<&String> = config.databases.keys().collect();
-    let service_names: BTreeSet<&String> = config.services.keys().collect();
-
-    let check_refs = |out: &mut Vec<Diagnostic>, where_: &str, text: &str| {
-        for reference in template_refs(text) {
-            match reference.scope.as_str() {
-                "ports" if !port_names.contains(&reference.name) => {
-                    out.push(Diagnostic::error(where_, format!("unknown port `${{ports.{}}}`", reference.name)));
-                }
-                "db" if !db_names.contains(&reference.name) => {
-                    let field = reference.field.as_deref().unwrap_or("url");
-                    out.push(Diagnostic::error(
-                        where_,
-                        format!("unknown database `${{db.{}.{field}}}`", reference.name),
-                    ));
-                }
-                "ports" | "db" | "worktree" | "project" | "env" => {}
-                other => out.push(Diagnostic::warning(where_, format!("unknown template scope `${{{other}.…}}`"))),
-            }
-        }
-    };
-
-    for name in config.ports.keys() {
-        if !is_resource_name(name) {
-            out.push(Diagnostic::error(&format!("ports.{name}"), NAME_RULE));
-        }
-    }
-
-    for (key, value) in config.defaults.env.iter().chain(config.env.iter()) {
-        check_refs(&mut out, &format!("env.{key}"), value);
-    }
-
-    for (name, service) in &config.services {
-        let where_ = format!("services.{name}");
-        if !is_resource_name(name) {
-            out.push(Diagnostic::error(&where_, NAME_RULE));
-        }
-        let runtime = service_runtime(service, config);
-
-        if service.run.is_none() && service.compose.is_none() {
-            out.push(Diagnostic::error(&where_, "needs `run:` (or `compose:`)"));
-        }
-        if runtime == Runtime::Docker
-            && service.docker.as_ref().is_none_or(|d| d.image.is_none() && d.dockerfile.is_none())
-        {
-            out.push(Diagnostic::error(&where_, "runtime `docker` needs `docker.image` or `docker.dockerfile`"));
-        }
-        if service.compose.is_some() && service.run.is_some() {
-            out.push(Diagnostic::warning(&where_, "`run:` is ignored for a compose service"));
-        }
-
-        check_refs(&mut out, &format!("{where_}.run"), service.run.as_deref().unwrap_or(""));
-        for (key, value) in &service.env {
-            check_refs(&mut out, &format!("{where_}.env.{key}"), value);
-        }
-        if let Some(health) = &service.health {
-            let set =
-                [health.http.is_some(), health.tcp.is_some(), health.cmd.is_some()].iter().filter(|x| **x).count();
-            if set != 1 {
-                out.push(Diagnostic::error(&format!("{where_}.health"), "exactly one of `http`, `tcp` or `cmd`"));
-            }
-            if let Some(http) = &health.http {
-                check_refs(&mut out, &format!("{where_}.health.http"), http);
-                // Burned once for real: vite binds 127.0.0.1 while `localhost` resolves to ::1
-                // first on macOS, so the check fails against a service that is up.
-                if http.contains("//localhost") {
-                    out.push(Diagnostic::warning(
-                        &format!("{where_}.health.http"),
-                        "`localhost` resolves to ::1 before 127.0.0.1 on macOS — use 127.0.0.1 if the service binds IPv4",
-                    ));
-                }
-            }
-            if let Some(tcp) = &health.tcp {
-                check_refs(&mut out, &format!("{where_}.health.tcp"), &tcp.as_text());
-            }
-            if let Some(cmd) = &health.cmd {
-                check_refs(&mut out, &format!("{where_}.health.cmd"), cmd);
-            }
-        }
-        for port in service.ports.iter().flatten() {
-            if !port_names.contains(port) {
-                out.push(Diagnostic::error(&format!("{where_}.ports"), format!("unknown port `{port}`")));
-            }
-        }
-        for dep in &service.depends_on {
-            if dep == name {
-                out.push(Diagnostic::error(&where_, "depends on itself"));
-            } else if !service_names.contains(dep) {
-                out.push(Diagnostic::error(&where_, format!("depends_on unknown service `{dep}`")));
-            }
-        }
-    }
-
-    if let Err(cycle) = start_order(&config.services, None) {
-        out.push(Diagnostic::error("services", cycle));
-    }
-
-    for (name, db) in &config.databases {
-        let where_ = format!("databases.{name}");
-        out.push(Diagnostic::warning(&where_, "databases are not supported by this version of canopywt — ignored"));
-        if db.seed.as_ref().is_some_and(|s| [&s.dump, &s.sql, &s.command].iter().filter(|v| v.is_some()).count() > 1) {
-            out.push(Diagnostic::error(&format!("{where_}.seed"), "use one of `dump`, `sql` or `command`"));
-        }
-    }
-
-    for (index, step) in config.setup.iter().enumerate() {
-        let where_ = format!("setup.{}", step.label(index));
-        check_refs(&mut out, &where_, &step.run);
-        for (key, value) in &step.env {
-            check_refs(&mut out, &format!("{where_}.env.{key}"), value);
-        }
-    }
-
-    if let EnvFile::Disabled(true) = config.env_file {
-        out.push(Diagnostic::error("env_file", "use a path or `false`; `true` means nothing"));
-    }
-
-    if config.services.is_empty() {
-        out.push(Diagnostic::warning("services", "no services — nothing will run"));
-    }
-    let exposed: BTreeSet<String> = config.services.values().flat_map(service_ports).collect();
-    for port in &port_names {
-        if !exposed.contains(*port) {
-            out.push(Diagnostic::warning(&format!("ports.{port}"), "not referenced by any service"));
-        }
-    }
-
-    out
+    vec![Default::default()] /* ~ changed by cargo-mutants ~ */
 }
 
 const NAME_RULE: &str =
     "names may contain lowercase letters, digits, `_` and `-`, and must start with a letter or digit";
 
 /// The `ResourceName` rule: safe in env var names, paths and container names alike.
 fn is_resource_name(name: &str) -> bool {
     let mut chars = name.bytes();


*** /opt/homebrew/bin/cargo test --no-run --verbose --package=canopy-worktree@0.1.0
    Updating crates.io index
warning: failed to write cache, path: /Users/gpanthee/.cargo/registry/index/index.crates.io-1949cf8c6b5b557f/.cache/ca/mi/camino, error: Permission denied (os error 13)
       Fresh memchr v2.8.3
       Fresh unicode-ident v1.0.24
       Fresh cfg-if v1.0.4
       Fresh proc-macro2 v1.0.107
       Fresh aho-corasick v1.1.5
       Fresh quote v1.0.47
       Fresh anstyle v1.0.14
       Fresh regex-syntax v0.8.11
       Fresh syn v3.0.5
       Fresh autocfg v1.5.1
       Fresh libc v0.2.189
       Fresh serde_core v1.0.229
       Fresh utf8parse v0.2.2
       Fresh syn v2.0.119
       Fresh rustversion v1.0.23
       Fresh anstyle-parse v1.0.0
       Fresh winnow v1.0.4
       Fresh num-traits v0.2.19
       Fresh is_terminal_polyfill v1.70.2
       Fresh equivalent v1.0.2
       Fresh multiversion_no_op v1.0.0
       Fresh scopeguard v1.2.0
       Fresh anstyle-query v1.1.5
       Fresh hashbrown v0.17.1
       Fresh ucd-trie v0.1.7
       Fresh semver v1.0.28
       Fresh simdutf8 v0.1.5
       Fresh colorchoice v1.0.5
       Fresh indexmap v2.14.2
       Fresh rustc_version v0.4.1
       Fresh encoding_rs v0.8.41
       Fresh anstream v1.0.0
       Fresh pest v2.9.1
       Fresh toml_parser v1.1.3+spec-1.1.0
       Fresh zmij v1.0.23
       Fresh serde_derive v1.0.229
       Fresh strsim v0.11.1
       Fresh unicode-width v0.2.2
       Fresh toml_datetime v1.1.1+spec-1.1.0
       Fresh heck v0.5.0
       Fresh clap_lex v1.1.0
       Fresh arraydeque v0.5.1
       Fresh smallvec v1.16.1
       Fresh clap_builder v4.6.6
       Fresh clap_derive v4.6.4
       Fresh granit-parser v1.2.1
       Fresh annotate-snippets v0.12.16
       Fresh toml_edit v0.25.15+spec-1.1.0
       Fresh serde v1.0.229
       Fresh pest_meta v2.9.1
       Fresh encoding_rs_io v0.1.8
       Fresh thiserror-impl v2.0.20
       Fresh errno v0.3.14
       Fresh regex-automata v0.4.18
       Fresh bitflags v2.13.2
       Fresh predicates-core v1.0.10
       Fresh nohash-hasher v0.2.0
       Fresh base64 v0.23.1
       Fresh itoa v1.0.18
       Fresh rustix v1.1.4
       Fresh thiserror v2.0.20
       Fresh serde-saphyr v1.2.0
       Fresh serde_json v1.0.151
       Fresh pest_generator v2.9.1
       Fresh proc-macro-crate v3.5.0
       Fresh getrandom v0.4.3
       Fresh camino v1.2.5
       Fresh clap v4.6.6
       Fresh regex v1.13.1
       Fresh float-cmp v0.10.0
       Fresh serde_ignored v0.1.14
       Fresh futures-core v0.3.34
       Fresh normalize-line-endings v0.3.0
       Fresh glob v0.3.4
       Fresh termtree v0.5.1
       Fresh difflib v0.4.0
       Fresh fastrand v2.5.0
       Fresh futures-task v0.3.34
       Fresh pin-project-lite v0.2.17
       Fresh once_cell v1.21.4
       Fresh relative-path v1.9.3
       Fresh predicates v3.1.4
       Fresh predicates-tree v1.0.13
       Fresh rstest_macros v0.27.0
       Fresh tempfile v3.27.0
       Fresh futures-util v0.3.34
       Fresh pest_derive v2.9.1
       Fresh bstr v1.13.1
       Fresh console v0.16.6
       Fresh wait-timeout v0.2.1
       Fresh futures-timer v3.0.4
       Fresh similar v2.7.0
       Fresh rstest v0.27.0
       Fresh insta v1.48.0
       Fresh assert_cmd v2.2.2
       Dirty canopy-worktree v0.1.0 (/private/var/folders/2g/t5qflcz11532k_5fzmb4jw8m0000gn/T/cargo-mutants-canopy-worktree-2dzep9.tmp): the file `src/config/lint.rs` has changed (1789357547.004307981s, 5s after last build at 1789357542.619164968s)
   Compiling canopy-worktree v0.1.0 (/private/var/folders/2g/t5qflcz11532k_5fzmb4jw8m0000gn/T/cargo-mutants-canopy-worktree-2dzep9.tmp)
     Running `rustc --crate-name canopy_worktree --edition=2024 src/lib.rs --error-format=json --json=diagnostic-rendered-ansi,artifacts,future-incompat --emit=dep-info,link -C embed-bitcode=no -C debuginfo=2 -C split-debuginfo=unpacked --test --check-cfg 'cfg(docsrs,test)' --check-cfg 'cfg(feature, values())' -C metadata=edd4cd83435f560a -C extra-filename=-f90868a615258b92 --out-dir /private/var/folders/2g/t5qflcz11532k_5fzmb4jw8m0000gn/T/cargo-mutants-canopy-worktree-2dzep9.tmp/target/debug/deps -C incremental=/private/var/folders/2g/t5qflcz11532k_5fzmb4jw8m0000gn/T/cargo-mutants-canopy-worktree-2dzep9.tmp/target/debug/incremental -L dependency=/private/var/folders/2g/t5qflcz11532k_5fzmb4jw8m0000gn/T/cargo-mutants-canopy-worktree-2dzep9.tmp/target/debug/deps --extern assert_cmd=/private/var/folders/2g/t5qflcz11532k_5fzmb4jw8m0000gn/T/cargo-mutants-canopy-worktree-2dzep9.tmp/target/debug/deps/libassert_cmd-a28e8bd52a0bea24.rlib --extern camino=/private/var/folders/2g/t5qflcz11532k_5fzmb4jw8m0000gn/T/cargo-mutants-canopy-worktree-2dzep9.tmp/target/debug/deps/libcamino-5cfb2976e7b0b13b.rlib --extern clap=/private/var/folders/2g/t5qflcz11532k_5fzmb4jw8m0000gn/T/cargo-mutants-canopy-worktree-2dzep9.tmp/target/debug/deps/libclap-ad6c9c390fee4aa5.rlib --extern insta=/private/var/folders/2g/t5qflcz11532k_5fzmb4jw8m0000gn/T/cargo-mutants-canopy-worktree-2dzep9.tmp/target/debug/deps/libinsta-bd788f1730370a14.rlib --extern predicates=/private/var/folders/2g/t5qflcz11532k_5fzmb4jw8m0000gn/T/cargo-mutants-canopy-worktree-2dzep9.tmp/target/debug/deps/libpredicates-73040a56e3398e1f.rlib --extern rstest=/private/var/folders/2g/t5qflcz11532k_5fzmb4jw8m0000gn/T/cargo-mutants-canopy-worktree-2dzep9.tmp/target/debug/deps/librstest-5f7c2e5beb07fa05.rlib --extern serde=/private/var/folders/2g/t5qflcz11532k_5fzmb4jw8m0000gn/T/cargo-mutants-canopy-worktree-2dzep9.tmp/target/debug/deps/libserde-c99fdb4b88f25463.rlib --extern serde_saphyr=/private/var/folders/2g/t5qflcz11532k_5fzmb4jw8m0000gn/T/cargo-mutants-canopy-worktree-2dzep9.tmp/target/debug/deps/libserde_saphyr-d8c0c0ee685ddc87.rlib --extern serde_ignored=/private/var/folders/2g/t5qflcz11532k_5fzmb4jw8m0000gn/T/cargo-mutants-canopy-worktree-2dzep9.tmp/target/debug/deps/libserde_ignored-a029dc386c0be727.rlib --extern serde_json=/private/var/folders/2g/t5qflcz11532k_5fzmb4jw8m0000gn/T/cargo-mutants-canopy-worktree-2dzep9.tmp/target/debug/deps/libserde_json-e8252af2ecf7ccfb.rlib --extern tempfile=/private/var/folders/2g/t5qflcz11532k_5fzmb4jw8m0000gn/T/cargo-mutants-canopy-worktree-2dzep9.tmp/target/debug/deps/libtempfile-a34fb88d0fe720a7.rlib --extern thiserror=/private/var/folders/2g/t5qflcz11532k_5fzmb4jw8m0000gn/T/cargo-mutants-canopy-worktree-2dzep9.tmp/target/debug/deps/libthiserror-f7987e97a20b040b.rlib`
     Running `rustc --crate-name canopy_worktree --edition=2024 src/lib.rs --error-format=json --json=diagnostic-rendered-ansi,artifacts,future-incompat --crate-type lib --emit=dep-info,metadata,link -C embed-bitcode=no -C debuginfo=2 -C split-debuginfo=unpacked --check-cfg 'cfg(docsrs,test)' --check-cfg 'cfg(feature, values())' -C metadata=01cf980898c6db9a -C extra-filename=-dc32b6b89029ce3e --out-dir /private/var/folders/2g/t5qflcz11532k_5fzmb4jw8m0000gn/T/cargo-mutants-canopy-worktree-2dzep9.tmp/target/debug/deps -C incremental=/private/var/folders/2g/t5qflcz11532k_5fzmb4jw8m0000gn/T/cargo-mutants-canopy-worktree-2dzep9.tmp/target/debug/incremental -L dependency=/private/var/folders/2g/t5qflcz11532k_5fzmb4jw8m0000gn/T/cargo-mutants-canopy-worktree-2dzep9.tmp/target/debug/deps --extern camino=/private/var/folders/2g/t5qflcz11532k_5fzmb4jw8m0000gn/T/cargo-mutants-canopy-worktree-2dzep9.tmp/target/debug/deps/libcamino-5cfb2976e7b0b13b.rmeta --extern clap=/private/var/folders/2g/t5qflcz11532k_5fzmb4jw8m0000gn/T/cargo-mutants-canopy-worktree-2dzep9.tmp/target/debug/deps/libclap-ad6c9c390fee4aa5.rmeta --extern serde=/private/var/folders/2g/t5qflcz11532k_5fzmb4jw8m0000gn/T/cargo-mutants-canopy-worktree-2dzep9.tmp/target/debug/deps/libserde-c99fdb4b88f25463.rmeta --extern serde_saphyr=/private/var/folders/2g/t5qflcz11532k_5fzmb4jw8m0000gn/T/cargo-mutants-canopy-worktree-2dzep9.tmp/target/debug/deps/libserde_saphyr-d8c0c0ee685ddc87.rmeta --extern serde_ignored=/private/var/folders/2g/t5qflcz11532k_5fzmb4jw8m0000gn/T/cargo-mutants-canopy-worktree-2dzep9.tmp/target/debug/deps/libserde_ignored-a029dc386c0be727.rmeta --extern serde_json=/private/var/folders/2g/t5qflcz11532k_5fzmb4jw8m0000gn/T/cargo-mutants-canopy-worktree-2dzep9.tmp/target/debug/deps/libserde_json-e8252af2ecf7ccfb.rmeta --extern thiserror=/private/var/folders/2g/t5qflcz11532k_5fzmb4jw8m0000gn/T/cargo-mutants-canopy-worktree-2dzep9.tmp/target/debug/deps/libthiserror-f7987e97a20b040b.rmeta`
warning: unused import: `EnvFile`
  --> src/config/lint.rs:11:27
   |
11 | use super::{CanopyConfig, EnvFile, Runtime, ServiceSpec};
   |                           ^^^^^^^
   |
   = note: `#[warn(unused_imports)]` (part of `#[warn(unused)]`) on by default

error[E0277]: the trait bound `Diagnostic: Default` is not satisfied
   --> src/config/lint.rs:249:10
    |
249 |     vec![Default::default()] /* ~ changed by cargo-mutants ~ */
    |          ^^^^^^^^^^^^^^^^^^ unsatisfied trait bound
    |
help: the trait `Default` is not implemented for `Diagnostic`
   --> src/config/lint.rs:26:1
    |
 26 | pub struct Diagnostic {
    | ^^^^^^^^^^^^^^^^^^^^^

For more information about this error, try `rustc --explain E0277`.
warning: `canopy-worktree` (lib) generated 1 warning
error: could not compile `canopy-worktree` (lib) due to 1 previous error; 1 warning emitted

Caused by:
  process didn't exit successfully: `rustc --crate-name canopy_worktree --edition=2024 src/lib.rs --error-format=json --json=diagnostic-rendered-ansi,artifacts,future-incompat --crate-type lib --emit=dep-info,metadata,link -C embed-bitcode=no -C debuginfo=2 -C split-debuginfo=unpacked --check-cfg 'cfg(docsrs,test)' --check-cfg 'cfg(feature, values())' -C metadata=01cf980898c6db9a -C extra-filename=-dc32b6b89029ce3e --out-dir /private/var/folders/2g/t5qflcz11532k_5fzmb4jw8m0000gn/T/cargo-mutants-canopy-worktree-2dzep9.tmp/target/debug/deps -C incremental=/private/var/folders/2g/t5qflcz11532k_5fzmb4jw8m0000gn/T/cargo-mutants-canopy-worktree-2dzep9.tmp/target/debug/incremental -L dependency=/private/var/folders/2g/t5qflcz11532k_5fzmb4jw8m0000gn/T/cargo-mutants-canopy-worktree-2dzep9.tmp/target/debug/deps --extern camino=/private/var/folders/2g/t5qflcz11532k_5fzmb4jw8m0000gn/T/cargo-mutants-canopy-worktree-2dzep9.tmp/target/debug/deps/libcamino-5cfb2976e7b0b13b.rmeta --extern clap=/private/var/folders/2g/t5qflcz11532k_5fzmb4jw8m0000gn/T/cargo-mutants-canopy-worktree-2dzep9.tmp/target/debug/deps/libclap-ad6c9c390fee4aa5.rmeta --extern serde=/private/var/folders/2g/t5qflcz11532k_5fzmb4jw8m0000gn/T/cargo-mutants-canopy-worktree-2dzep9.tmp/target/debug/deps/libserde-c99fdb4b88f25463.rmeta --extern serde_saphyr=/private/var/folders/2g/t5qflcz11532k_5fzmb4jw8m0000gn/T/cargo-mutants-canopy-worktree-2dzep9.tmp/target/debug/deps/libserde_saphyr-d8c0c0ee685ddc87.rmeta --extern serde_ignored=/private/var/folders/2g/t5qflcz11532k_5fzmb4jw8m0000gn/T/cargo-mutants-canopy-worktree-2dzep9.tmp/target/debug/deps/libserde_ignored-a029dc386c0be727.rmeta --extern serde_json=/private/var/folders/2g/t5qflcz11532k_5fzmb4jw8m0000gn/T/cargo-mutants-canopy-worktree-2dzep9.tmp/target/debug/deps/libserde_json-e8252af2ecf7ccfb.rmeta --extern thiserror=/private/var/folders/2g/t5qflcz11532k_5fzmb4jw8m0000gn/T/cargo-mutants-canopy-worktree-2dzep9.tmp/target/debug/deps/libthiserror-f7987e97a20b040b.rmeta` (exit status: 1)
warning: build failed, waiting for other jobs to finish...
warning: `canopy-worktree` (lib test) generated 1 warning (1 duplicate)
error: could not compile `canopy-worktree` (lib test) due to 1 previous error; 1 warning emitted

Caused by:
  process didn't exit successfully: `rustc --crate-name canopy_worktree --edition=2024 src/lib.rs --error-format=json --json=diagnostic-rendered-ansi,artifacts,future-incompat --emit=dep-info,link -C embed-bitcode=no -C debuginfo=2 -C split-debuginfo=unpacked --test --check-cfg 'cfg(docsrs,test)' --check-cfg 'cfg(feature, values())' -C metadata=edd4cd83435f560a -C extra-filename=-f90868a615258b92 --out-dir /private/var/folders/2g/t5qflcz11532k_5fzmb4jw8m0000gn/T/cargo-mutants-canopy-worktree-2dzep9.tmp/target/debug/deps -C incremental=/private/var/folders/2g/t5qflcz11532k_5fzmb4jw8m0000gn/T/cargo-mutants-canopy-worktree-2dzep9.tmp/target/debug/incremental -L dependency=/private/var/folders/2g/t5qflcz11532k_5fzmb4jw8m0000gn/T/cargo-mutants-canopy-worktree-2dzep9.tmp/target/debug/deps --extern assert_cmd=/private/var/folders/2g/t5qflcz11532k_5fzmb4jw8m0000gn/T/cargo-mutants-canopy-worktree-2dzep9.tmp/target/debug/deps/libassert_cmd-a28e8bd52a0bea24.rlib --extern camino=/private/var/folders/2g/t5qflcz11532k_5fzmb4jw8m0000gn/T/cargo-mutants-canopy-worktree-2dzep9.tmp/target/debug/deps/libcamino-5cfb2976e7b0b13b.rlib --extern clap=/private/var/folders/2g/t5qflcz11532k_5fzmb4jw8m0000gn/T/cargo-mutants-canopy-worktree-2dzep9.tmp/target/debug/deps/libclap-ad6c9c390fee4aa5.rlib --extern insta=/private/var/folders/2g/t5qflcz11532k_5fzmb4jw8m0000gn/T/cargo-mutants-canopy-worktree-2dzep9.tmp/target/debug/deps/libinsta-bd788f1730370a14.rlib --extern predicates=/private/var/folders/2g/t5qflcz11532k_5fzmb4jw8m0000gn/T/cargo-mutants-canopy-worktree-2dzep9.tmp/target/debug/deps/libpredicates-73040a56e3398e1f.rlib --extern rstest=/private/var/folders/2g/t5qflcz11532k_5fzmb4jw8m0000gn/T/cargo-mutants-canopy-worktree-2dzep9.tmp/target/debug/deps/librstest-5f7c2e5beb07fa05.rlib --extern serde=/private/var/folders/2g/t5qflcz11532k_5fzmb4jw8m0000gn/T/cargo-mutants-canopy-worktree-2dzep9.tmp/target/debug/deps/libserde-c99fdb4b88f25463.rlib --extern serde_saphyr=/private/var/folders/2g/t5qflcz11532k_5fzmb4jw8m0000gn/T/cargo-mutants-canopy-worktree-2dzep9.tmp/target/debug/deps/libserde_saphyr-d8c0c0ee685ddc87.rlib --extern serde_ignored=/private/var/folders/2g/t5qflcz11532k_5fzmb4jw8m0000gn/T/cargo-mutants-canopy-worktree-2dzep9.tmp/target/debug/deps/libserde_ignored-a029dc386c0be727.rlib --extern serde_json=/private/var/folders/2g/t5qflcz11532k_5fzmb4jw8m0000gn/T/cargo-mutants-canopy-worktree-2dzep9.tmp/target/debug/deps/libserde_json-e8252af2ecf7ccfb.rlib --extern tempfile=/private/var/folders/2g/t5qflcz11532k_5fzmb4jw8m0000gn/T/cargo-mutants-canopy-worktree-2dzep9.tmp/target/debug/deps/libtempfile-a34fb88d0fe720a7.rlib --extern thiserror=/private/var/folders/2g/t5qflcz11532k_5fzmb4jw8m0000gn/T/cargo-mutants-canopy-worktree-2dzep9.tmp/target/debug/deps/libthiserror-f7987e97a20b040b.rlib` (exit status: 1)

*** result: Failure(101)
