
*** src/config/load.rs:75:5: replace load_file -> Result<Parsed> with Ok(Default::default())

*** mutation diff:
--- src/config/load.rs
+++ replace load_file -> Result<Parsed> with Ok(Default::default())
@@ -67,17 +67,17 @@
         return Some(Utf8PathBuf::from(xdg).join("canopywt"));
     }
     let home = home.filter(|value| !value.is_empty())?;
     Some(Utf8PathBuf::from(home).join(".config").join("canopywt"))
 }
 
 /// Reads and parses a specific file.
 pub fn load_file(path: &Utf8Path) -> Result<Parsed> {
-    Ok(parse_str(&std::fs::read_to_string(path)?))
+    Ok(Default::default()) /* ~ changed by cargo-mutants ~ */
 }
 
 /// A starter file, written by `canopywt config init`.
 ///
 /// Commented rather than minimal: the first question after "how do I start" is always "what
 /// else can go in here", and the answer belongs next to the example.
 pub const STARTER: &str = r#"version: 1
 # name: my-app


*** /opt/homebrew/bin/cargo test --no-run --verbose --package=canopy-worktree@0.1.0
    Updating crates.io index
warning: failed to write cache, path: /Users/gpanthee/.cargo/registry/index/index.crates.io-1949cf8c6b5b557f/.cache/ca/mi/camino, error: Permission denied (os error 13)
       Fresh memchr v2.8.3
       Fresh unicode-ident v1.0.24
       Fresh proc-macro2 v1.0.107
       Fresh quote v1.0.47
       Fresh cfg-if v1.0.4
       Fresh syn v3.0.5
       Fresh aho-corasick v1.1.5
       Fresh regex-syntax v0.8.11
       Fresh anstyle v1.0.14
       Fresh autocfg v1.5.1
       Fresh libc v0.2.189
       Fresh serde_core v1.0.229
       Fresh rustversion v1.0.23
       Fresh num-traits v0.2.19
       Fresh utf8parse v0.2.2
       Fresh anstyle-parse v1.0.0
       Fresh syn v2.0.119
       Fresh is_terminal_polyfill v1.70.2
       Fresh semver v1.0.28
       Fresh winnow v1.0.4
       Fresh anstyle-query v1.1.5
       Fresh ucd-trie v0.1.7
       Fresh equivalent v1.0.2
       Fresh hashbrown v0.17.1
       Fresh scopeguard v1.2.0
       Fresh simdutf8 v0.1.5
       Fresh colorchoice v1.0.5
       Fresh multiversion_no_op v1.0.0
       Fresh encoding_rs v0.8.41
       Fresh anstream v1.0.0
       Fresh indexmap v2.14.2
       Fresh pest v2.9.1
       Fresh toml_parser v1.1.3+spec-1.1.0
       Fresh rustc_version v0.4.1
       Fresh zmij v1.0.23
       Fresh serde_derive v1.0.229
       Fresh arraydeque v0.5.1
       Fresh toml_datetime v1.1.1+spec-1.1.0
       Fresh clap_lex v1.1.0
       Fresh heck v0.5.0
       Fresh smallvec v1.16.1
       Fresh unicode-width v0.2.2
       Fresh strsim v0.11.1
       Fresh clap_builder v4.6.6
       Fresh annotate-snippets v0.12.16
       Fresh granit-parser v1.2.1
       Fresh clap_derive v4.6.4
       Fresh toml_edit v0.25.15+spec-1.1.0
       Fresh serde v1.0.229
       Fresh pest_meta v2.9.1
       Fresh encoding_rs_io v0.1.8
       Fresh errno v0.3.14
       Fresh regex-automata v0.4.18
       Fresh thiserror-impl v2.0.20
       Fresh predicates-core v1.0.10
       Fresh bitflags v2.13.2
       Fresh nohash-hasher v0.2.0
       Fresh base64 v0.23.1
       Fresh itoa v1.0.18
       Fresh rustix v1.1.4
       Fresh serde-saphyr v1.2.0
       Fresh thiserror v2.0.20
       Fresh serde_json v1.0.151
       Fresh pest_generator v2.9.1
       Fresh getrandom v0.4.3
       Fresh proc-macro-crate v3.5.0
       Fresh camino v1.2.5
       Fresh clap v4.6.6
       Fresh regex v1.13.1
       Fresh float-cmp v0.10.0
       Fresh serde_ignored v0.1.14
       Fresh difflib v0.4.0
       Fresh futures-core v0.3.34
       Fresh pin-project-lite v0.2.17
       Fresh relative-path v1.9.3
       Fresh normalize-line-endings v0.3.0
       Fresh fastrand v2.5.0
       Fresh glob v0.3.4
       Fresh termtree v0.5.1
       Fresh futures-task v0.3.34
       Fresh once_cell v1.21.4
       Fresh rstest_macros v0.27.0
       Fresh predicates-tree v1.0.13
       Fresh futures-util v0.3.34
       Fresh tempfile v3.27.0
       Fresh predicates v3.1.4
       Fresh pest_derive v2.9.1
       Fresh bstr v1.13.1
       Fresh console v0.16.6
       Fresh wait-timeout v0.2.1
       Fresh futures-timer v3.0.4
       Fresh similar v2.7.0
       Fresh assert_cmd v2.2.2
       Dirty canopy-worktree v0.1.0 (/private/var/folders/2g/t5qflcz11532k_5fzmb4jw8m0000gn/T/cargo-mutants-canopy-worktree-Vm6I2e.tmp): the file `src/config/load.rs` has changed (1789356725.219489892s, 3s after last build at 1789356722.283033384s)
   Compiling canopy-worktree v0.1.0 (/private/var/folders/2g/t5qflcz11532k_5fzmb4jw8m0000gn/T/cargo-mutants-canopy-worktree-Vm6I2e.tmp)
       Fresh insta v1.48.0
       Fresh rstest v0.27.0
     Running `rustc --crate-name canopy_worktree --edition=2024 src/lib.rs --error-format=json --json=diagnostic-rendered-ansi,artifacts,future-incompat --crate-type lib --emit=dep-info,metadata,link -C embed-bitcode=no -C debuginfo=2 -C split-debuginfo=unpacked --check-cfg 'cfg(docsrs,test)' --check-cfg 'cfg(feature, values())' -C metadata=01cf980898c6db9a -C extra-filename=-dc32b6b89029ce3e --out-dir /private/var/folders/2g/t5qflcz11532k_5fzmb4jw8m0000gn/T/cargo-mutants-canopy-worktree-Vm6I2e.tmp/target/debug/deps -C incremental=/private/var/folders/2g/t5qflcz11532k_5fzmb4jw8m0000gn/T/cargo-mutants-canopy-worktree-Vm6I2e.tmp/target/debug/incremental -L dependency=/private/var/folders/2g/t5qflcz11532k_5fzmb4jw8m0000gn/T/cargo-mutants-canopy-worktree-Vm6I2e.tmp/target/debug/deps --extern camino=/private/var/folders/2g/t5qflcz11532k_5fzmb4jw8m0000gn/T/cargo-mutants-canopy-worktree-Vm6I2e.tmp/target/debug/deps/libcamino-5cfb2976e7b0b13b.rmeta --extern clap=/private/var/folders/2g/t5qflcz11532k_5fzmb4jw8m0000gn/T/cargo-mutants-canopy-worktree-Vm6I2e.tmp/target/debug/deps/libclap-ad6c9c390fee4aa5.rmeta --extern serde=/private/var/folders/2g/t5qflcz11532k_5fzmb4jw8m0000gn/T/cargo-mutants-canopy-worktree-Vm6I2e.tmp/target/debug/deps/libserde-c99fdb4b88f25463.rmeta --extern serde_saphyr=/private/var/folders/2g/t5qflcz11532k_5fzmb4jw8m0000gn/T/cargo-mutants-canopy-worktree-Vm6I2e.tmp/target/debug/deps/libserde_saphyr-d8c0c0ee685ddc87.rmeta --extern serde_ignored=/private/var/folders/2g/t5qflcz11532k_5fzmb4jw8m0000gn/T/cargo-mutants-canopy-worktree-Vm6I2e.tmp/target/debug/deps/libserde_ignored-a029dc386c0be727.rmeta --extern serde_json=/private/var/folders/2g/t5qflcz11532k_5fzmb4jw8m0000gn/T/cargo-mutants-canopy-worktree-Vm6I2e.tmp/target/debug/deps/libserde_json-e8252af2ecf7ccfb.rmeta --extern thiserror=/private/var/folders/2g/t5qflcz11532k_5fzmb4jw8m0000gn/T/cargo-mutants-canopy-worktree-Vm6I2e.tmp/target/debug/deps/libthiserror-f7987e97a20b040b.rmeta`
     Running `rustc --crate-name canopy_worktree --edition=2024 src/lib.rs --error-format=json --json=diagnostic-rendered-ansi,artifacts,future-incompat --emit=dep-info,link -C embed-bitcode=no -C debuginfo=2 -C split-debuginfo=unpacked --test --check-cfg 'cfg(docsrs,test)' --check-cfg 'cfg(feature, values())' -C metadata=edd4cd83435f560a -C extra-filename=-f90868a615258b92 --out-dir /private/var/folders/2g/t5qflcz11532k_5fzmb4jw8m0000gn/T/cargo-mutants-canopy-worktree-Vm6I2e.tmp/target/debug/deps -C incremental=/private/var/folders/2g/t5qflcz11532k_5fzmb4jw8m0000gn/T/cargo-mutants-canopy-worktree-Vm6I2e.tmp/target/debug/incremental -L dependency=/private/var/folders/2g/t5qflcz11532k_5fzmb4jw8m0000gn/T/cargo-mutants-canopy-worktree-Vm6I2e.tmp/target/debug/deps --extern assert_cmd=/private/var/folders/2g/t5qflcz11532k_5fzmb4jw8m0000gn/T/cargo-mutants-canopy-worktree-Vm6I2e.tmp/target/debug/deps/libassert_cmd-a28e8bd52a0bea24.rlib --extern camino=/private/var/folders/2g/t5qflcz11532k_5fzmb4jw8m0000gn/T/cargo-mutants-canopy-worktree-Vm6I2e.tmp/target/debug/deps/libcamino-5cfb2976e7b0b13b.rlib --extern clap=/private/var/folders/2g/t5qflcz11532k_5fzmb4jw8m0000gn/T/cargo-mutants-canopy-worktree-Vm6I2e.tmp/target/debug/deps/libclap-ad6c9c390fee4aa5.rlib --extern insta=/private/var/folders/2g/t5qflcz11532k_5fzmb4jw8m0000gn/T/cargo-mutants-canopy-worktree-Vm6I2e.tmp/target/debug/deps/libinsta-bd788f1730370a14.rlib --extern predicates=/private/var/folders/2g/t5qflcz11532k_5fzmb4jw8m0000gn/T/cargo-mutants-canopy-worktree-Vm6I2e.tmp/target/debug/deps/libpredicates-73040a56e3398e1f.rlib --extern rstest=/private/var/folders/2g/t5qflcz11532k_5fzmb4jw8m0000gn/T/cargo-mutants-canopy-worktree-Vm6I2e.tmp/target/debug/deps/librstest-5f7c2e5beb07fa05.rlib --extern serde=/private/var/folders/2g/t5qflcz11532k_5fzmb4jw8m0000gn/T/cargo-mutants-canopy-worktree-Vm6I2e.tmp/target/debug/deps/libserde-c99fdb4b88f25463.rlib --extern serde_saphyr=/private/var/folders/2g/t5qflcz11532k_5fzmb4jw8m0000gn/T/cargo-mutants-canopy-worktree-Vm6I2e.tmp/target/debug/deps/libserde_saphyr-d8c0c0ee685ddc87.rlib --extern serde_ignored=/private/var/folders/2g/t5qflcz11532k_5fzmb4jw8m0000gn/T/cargo-mutants-canopy-worktree-Vm6I2e.tmp/target/debug/deps/libserde_ignored-a029dc386c0be727.rlib --extern serde_json=/private/var/folders/2g/t5qflcz11532k_5fzmb4jw8m0000gn/T/cargo-mutants-canopy-worktree-Vm6I2e.tmp/target/debug/deps/libserde_json-e8252af2ecf7ccfb.rlib --extern tempfile=/private/var/folders/2g/t5qflcz11532k_5fzmb4jw8m0000gn/T/cargo-mutants-canopy-worktree-Vm6I2e.tmp/target/debug/deps/libtempfile-a34fb88d0fe720a7.rlib --extern thiserror=/private/var/folders/2g/t5qflcz11532k_5fzmb4jw8m0000gn/T/cargo-mutants-canopy-worktree-Vm6I2e.tmp/target/debug/deps/libthiserror-f7987e97a20b040b.rlib`
warning: unused import: `parse_str`
  --> src/config/load.rs:15:21
   |
15 | use super::{Parsed, parse_str};
   |                     ^^^^^^^^^
   |
   = note: `#[warn(unused_imports)]` (part of `#[warn(unused)]`) on by default

error[E0277]: the trait bound `Parsed: Default` is not satisfied
  --> src/config/load.rs:75:8
   |
75 |     Ok(Default::default()) /* ~ changed by cargo-mutants ~ */
   |        ^^^^^^^^^^^^^^^^^^ the trait `Default` is not implemented for `Parsed`
   |
help: consider annotating `Parsed` with `#[derive(Default)]`
  --> src/config/parse.rs:22:1
   |
22 + #[derive(Default)]
23 | pub struct Parsed {
   |

For more information about this error, try `rustc --explain E0277`.
warning: `canopy-worktree` (lib) generated 1 warning
error: could not compile `canopy-worktree` (lib) due to 1 previous error; 1 warning emitted

Caused by:
  process didn't exit successfully: `rustc --crate-name canopy_worktree --edition=2024 src/lib.rs --error-format=json --json=diagnostic-rendered-ansi,artifacts,future-incompat --crate-type lib --emit=dep-info,metadata,link -C embed-bitcode=no -C debuginfo=2 -C split-debuginfo=unpacked --check-cfg 'cfg(docsrs,test)' --check-cfg 'cfg(feature, values())' -C metadata=01cf980898c6db9a -C extra-filename=-dc32b6b89029ce3e --out-dir /private/var/folders/2g/t5qflcz11532k_5fzmb4jw8m0000gn/T/cargo-mutants-canopy-worktree-Vm6I2e.tmp/target/debug/deps -C incremental=/private/var/folders/2g/t5qflcz11532k_5fzmb4jw8m0000gn/T/cargo-mutants-canopy-worktree-Vm6I2e.tmp/target/debug/incremental -L dependency=/private/var/folders/2g/t5qflcz11532k_5fzmb4jw8m0000gn/T/cargo-mutants-canopy-worktree-Vm6I2e.tmp/target/debug/deps --extern camino=/private/var/folders/2g/t5qflcz11532k_5fzmb4jw8m0000gn/T/cargo-mutants-canopy-worktree-Vm6I2e.tmp/target/debug/deps/libcamino-5cfb2976e7b0b13b.rmeta --extern clap=/private/var/folders/2g/t5qflcz11532k_5fzmb4jw8m0000gn/T/cargo-mutants-canopy-worktree-Vm6I2e.tmp/target/debug/deps/libclap-ad6c9c390fee4aa5.rmeta --extern serde=/private/var/folders/2g/t5qflcz11532k_5fzmb4jw8m0000gn/T/cargo-mutants-canopy-worktree-Vm6I2e.tmp/target/debug/deps/libserde-c99fdb4b88f25463.rmeta --extern serde_saphyr=/private/var/folders/2g/t5qflcz11532k_5fzmb4jw8m0000gn/T/cargo-mutants-canopy-worktree-Vm6I2e.tmp/target/debug/deps/libserde_saphyr-d8c0c0ee685ddc87.rmeta --extern serde_ignored=/private/var/folders/2g/t5qflcz11532k_5fzmb4jw8m0000gn/T/cargo-mutants-canopy-worktree-Vm6I2e.tmp/target/debug/deps/libserde_ignored-a029dc386c0be727.rmeta --extern serde_json=/private/var/folders/2g/t5qflcz11532k_5fzmb4jw8m0000gn/T/cargo-mutants-canopy-worktree-Vm6I2e.tmp/target/debug/deps/libserde_json-e8252af2ecf7ccfb.rmeta --extern thiserror=/private/var/folders/2g/t5qflcz11532k_5fzmb4jw8m0000gn/T/cargo-mutants-canopy-worktree-Vm6I2e.tmp/target/debug/deps/libthiserror-f7987e97a20b040b.rmeta` (exit status: 1)
warning: build failed, waiting for other jobs to finish...
error: could not compile `canopy-worktree` (lib test) due to 1 previous error

Caused by:
  process didn't exit successfully: `rustc --crate-name canopy_worktree --edition=2024 src/lib.rs --error-format=json --json=diagnostic-rendered-ansi,artifacts,future-incompat --emit=dep-info,link -C embed-bitcode=no -C debuginfo=2 -C split-debuginfo=unpacked --test --check-cfg 'cfg(docsrs,test)' --check-cfg 'cfg(feature, values())' -C metadata=edd4cd83435f560a -C extra-filename=-f90868a615258b92 --out-dir /private/var/folders/2g/t5qflcz11532k_5fzmb4jw8m0000gn/T/cargo-mutants-canopy-worktree-Vm6I2e.tmp/target/debug/deps -C incremental=/private/var/folders/2g/t5qflcz11532k_5fzmb4jw8m0000gn/T/cargo-mutants-canopy-worktree-Vm6I2e.tmp/target/debug/incremental -L dependency=/private/var/folders/2g/t5qflcz11532k_5fzmb4jw8m0000gn/T/cargo-mutants-canopy-worktree-Vm6I2e.tmp/target/debug/deps --extern assert_cmd=/private/var/folders/2g/t5qflcz11532k_5fzmb4jw8m0000gn/T/cargo-mutants-canopy-worktree-Vm6I2e.tmp/target/debug/deps/libassert_cmd-a28e8bd52a0bea24.rlib --extern camino=/private/var/folders/2g/t5qflcz11532k_5fzmb4jw8m0000gn/T/cargo-mutants-canopy-worktree-Vm6I2e.tmp/target/debug/deps/libcamino-5cfb2976e7b0b13b.rlib --extern clap=/private/var/folders/2g/t5qflcz11532k_5fzmb4jw8m0000gn/T/cargo-mutants-canopy-worktree-Vm6I2e.tmp/target/debug/deps/libclap-ad6c9c390fee4aa5.rlib --extern insta=/private/var/folders/2g/t5qflcz11532k_5fzmb4jw8m0000gn/T/cargo-mutants-canopy-worktree-Vm6I2e.tmp/target/debug/deps/libinsta-bd788f1730370a14.rlib --extern predicates=/private/var/folders/2g/t5qflcz11532k_5fzmb4jw8m0000gn/T/cargo-mutants-canopy-worktree-Vm6I2e.tmp/target/debug/deps/libpredicates-73040a56e3398e1f.rlib --extern rstest=/private/var/folders/2g/t5qflcz11532k_5fzmb4jw8m0000gn/T/cargo-mutants-canopy-worktree-Vm6I2e.tmp/target/debug/deps/librstest-5f7c2e5beb07fa05.rlib --extern serde=/private/var/folders/2g/t5qflcz11532k_5fzmb4jw8m0000gn/T/cargo-mutants-canopy-worktree-Vm6I2e.tmp/target/debug/deps/libserde-c99fdb4b88f25463.rlib --extern serde_saphyr=/private/var/folders/2g/t5qflcz11532k_5fzmb4jw8m0000gn/T/cargo-mutants-canopy-worktree-Vm6I2e.tmp/target/debug/deps/libserde_saphyr-d8c0c0ee685ddc87.rlib --extern serde_ignored=/private/var/folders/2g/t5qflcz11532k_5fzmb4jw8m0000gn/T/cargo-mutants-canopy-worktree-Vm6I2e.tmp/target/debug/deps/libserde_ignored-a029dc386c0be727.rlib --extern serde_json=/private/var/folders/2g/t5qflcz11532k_5fzmb4jw8m0000gn/T/cargo-mutants-canopy-worktree-Vm6I2e.tmp/target/debug/deps/libserde_json-e8252af2ecf7ccfb.rlib --extern tempfile=/private/var/folders/2g/t5qflcz11532k_5fzmb4jw8m0000gn/T/cargo-mutants-canopy-worktree-Vm6I2e.tmp/target/debug/deps/libtempfile-a34fb88d0fe720a7.rlib --extern thiserror=/private/var/folders/2g/t5qflcz11532k_5fzmb4jw8m0000gn/T/cargo-mutants-canopy-worktree-Vm6I2e.tmp/target/debug/deps/libthiserror-f7987e97a20b040b.rlib` (exit status: 1)

*** result: Failure(101)
